[INFO] Scanning for projects...
[INFO] 
[INFO] -----------------------< com.project:bookingya >------------------------
[INFO] Building bookingya 0.0.1-SNAPSHOT
[INFO]   from pom.xml
[INFO] --------------------------------[ jar ]---------------------------------
[INFO] 
[INFO] --- resources:3.3.1:resources (default-resources) @ bookingya ---
[INFO] skip non existing resourceDirectory C:\bookingya\bookingya_students\src\main\resources
[INFO] skip non existing resourceDirectory C:\bookingya\bookingya_students\src\main\resources
[INFO] 
[INFO] --- compiler:3.13.0:compile (default-compile) @ bookingya ---
[INFO] Nothing to compile - all classes are up to date.
[INFO] 
[INFO] --- resources:3.3.1:testResources (default-testResources) @ bookingya ---
[INFO] Copying 2 resources from src\test\resources to target\test-classes
[INFO] 
[INFO] --- compiler:3.13.0:testCompile (default-testCompile) @ bookingya ---
[INFO] Nothing to compile - all classes are up to date.
[INFO] 
[INFO] --- surefire:3.5.3:test (default-test) @ bookingya ---
[INFO] Using auto detected provider org.apache.maven.surefire.junitplatform.JUnitPlatformProvider
[INFO] 
[INFO] -------------------------------------------------------
[INFO]  T E S T S
[INFO] -------------------------------------------------------
[INFO] Running com.project.bookingya.acceptance.ReservationAcceptanceTest
16:05:14.232 [main] INFO org.springframework.test.context.support.AnnotationConfigContextLoaderUtils -- Could not detect default configuration classes for test class [com.project.bookingya.acceptance.ReservationAcceptanceTest]: ReservationAcceptanceTest does not declare any static, non-private, non-final, nested classes annotated with @Configuration.
16:05:14.658 [main] INFO org.springframework.boot.test.context.SpringBootTestContextBootstrapper -- Found @SpringBootConfiguration com.project.bookingya.BookingyaApplication for test class com.project.bookingya.acceptance.ReservationAcceptanceTest

  .   ____          _            __ _ _
 /\\ / ___'_ __ _ _(_)_ __  __ _ \ \ \ \
( ( )\___ | '_ | '_| | '_ \/ _` | \ \ \ \
 \\/  ___)| |_)| | | | | || (_| |  ) ) ) )
  '  |____| .__|_| |_|_| |_\__, | / / / /
 =========|_|==============|___/=/_/_/_/

 :: Spring Boot ::                (v3.4.5)

2026-04-23T16:05:16.207-05:00  INFO 25884 --- [           main] c.p.b.a.ReservationAcceptanceTest        : Starting ReservationAcceptanceTest using Java 21.0.10 with PID 25884 (started by ACER-02509 in C:\bookingya\bookingya_students)
2026-04-23T16:05:16.213-05:00  INFO 25884 --- [           main] c.p.b.a.ReservationAcceptanceTest        : The following 1 profile is active: "test"
2026-04-23T16:05:19.402-05:00  INFO 25884 --- [           main] .s.d.r.c.RepositoryConfigurationDelegate : Bootstrapping Spring Data JPA repositories in DEFAULT mode.
2026-04-23T16:05:19.648-05:00  INFO 25884 --- [           main] .s.d.r.c.RepositoryConfigurationDelegate : Finished Spring Data repository scanning in 206 ms. Found 3 JPA repository interfaces.
2026-04-23T16:05:21.438-05:00  INFO 25884 --- [           main] o.hibernate.jpa.internal.util.LogHelper  : HHH000204: Processing PersistenceUnitInfo [name: default]
2026-04-23T16:05:21.844-05:00  INFO 25884 --- [           main] org.hibernate.Version                    : HHH000412: Hibernate ORM core version 6.6.13.Final
2026-04-23T16:05:22.019-05:00  INFO 25884 --- [           main] o.h.c.internal.RegionFactoryInitiator    : HHH000026: Second-level cache disabled
2026-04-23T16:05:23.253-05:00  INFO 25884 --- [           main] o.s.o.j.p.SpringPersistenceUnitInfo      : No LoadTimeWeaver setup: ignoring JPA class transformer
2026-04-23T16:05:23.379-05:00  INFO 25884 --- [           main] com.zaxxer.hikari.HikariDataSource       : HikariPool-1 - Starting...
2026-04-23T16:05:24.005-05:00  INFO 25884 --- [           main] com.zaxxer.hikari.pool.HikariPool        : HikariPool-1 - Added connection conn0: url=jdbc:h2:mem:testdb user=SA
2026-04-23T16:05:24.009-05:00  INFO 25884 --- [           main] com.zaxxer.hikari.HikariDataSource       : HikariPool-1 - Start completed.
2026-04-23T16:05:24.077-05:00  WARN 25884 --- [           main] org.hibernate.orm.deprecation            : HHH90000025: H2Dialect does not need to be specified explicitly using 'hibernate.dialect' (remove the property setting and it will be selected by default)
2026-04-23T16:05:24.153-05:00  INFO 25884 --- [           main] org.hibernate.orm.connections.pooling    : HHH10001005: Database info:
	Database JDBC URL [Connecting through datasource 'HikariDataSource (HikariPool-1)']
	Database driver: undefined/unknown
	Database version: 2.3.232
	Autocommit mode: undefined/unknown
	Isolation level: undefined/unknown
	Minimum pool size: undefined/unknown
	Maximum pool size: undefined/unknown
2026-04-23T16:05:26.683-05:00  INFO 25884 --- [           main] o.h.e.t.j.p.i.JtaPlatformInitiator       : HHH000489: No JTA platform available (set 'hibernate.transaction.jta.platform' to enable JTA platform integration)
2026-04-23T16:05:26.828-05:00  INFO 25884 --- [           main] j.LocalContainerEntityManagerFactoryBean : Initialized JPA EntityManagerFactory for persistence unit 'default'
2026-04-23T16:05:28.143-05:00  INFO 25884 --- [           main] o.s.d.j.r.query.QueryEnhancerFactory     : Hibernate is in classpath; If applicable, HQL parser will be used.
2026-04-23T16:05:31.937-05:00  WARN 25884 --- [           main] JpaBaseConfiguration$JpaWebConfiguration : spring.jpa.open-in-view is enabled by default. Therefore, database queries may be performed during view rendering. Explicitly configure spring.jpa.open-in-view to disable this warning
2026-04-23T16:05:33.422-05:00  INFO 25884 --- [           main] o.s.b.a.h2.H2ConsoleAutoConfiguration    : H2 console available at '/h2-console'. Database available at 'jdbc:h2:mem:testdb'
2026-04-23T16:05:33.622-05:00  INFO 25884 --- [           main] c.p.b.a.ReservationAcceptanceTest        : Started ReservationAcceptanceTest in 18.404 seconds (process running for 21.849)
mvn : Mockito is currently self-attaching to enable the inline-mock-maker. 
This will no longer work in future releases of the JDK. Please add Mockito as 
an agent to your build what is described in Mockito's documentation: https://ja
vadoc.io/doc/org.mockito/mockito-core/latest/org/mockito/Mockito.html#0.3
En línea: 1 Carácter: 1
+ mvn test 2>&1 | Tee-Object -FilePath test_output.txt
+ ~~~~~~~~~~~~~
    + CategoryInfo          : NotSpecified: (Mockito is curr...ockito.html#0.3 
   :String) [], RemoteException
    + FullyQualifiedErrorId : NativeCommandError
 
WARNING: A Java agent has been loaded dynamically (C:\Users\ACER-02509\.m2\repo
sitory\net\bytebuddy\byte-buddy-agent\1.15.11\byte-buddy-agent-1.15.11.jar)
WARNING: If a serviceability tool is in use, please run with 
-XX:+EnableDynamicAgentLoading to hide this warning
WARNING: If a serviceability tool is not in use, please run with 
-Djdk.instrument.traceUsage for more information
WARNING: Dynamic loading of agents will be disallowed by default in a future 
release
Java HotSpot(TM) 64-Bit Server VM warning: Sharing is only supported for boot 
loader classes because bootstrap classpath has been appended
[ERROR] Tests run: 7, Failures: 0, Errors: 7, Skipped: 0, Time elapsed: 21.30 s <<< FAILURE! -- in com.project.bookingya.acceptance.ReservationAcceptanceTest
[ERROR] com.project.bookingya.acceptance.ReservationAcceptanceTest.acceptanceTest_ClientCanUpdateReservation -- Time elapsed: 1.259 s <<< ERROR!
java.lang.Error: 
Unresolved compilation problems: 
	The method setFirstName(String) is undefined for the type GuestEntity
	The method setLastName(String) is undefined for the type GuestEntity
	The method setPhoneNumber(String) is undefined for the type GuestEntity
	The method setPricePerNight(double) is undefined for the type RoomEntity

	at com.project.bookingya.acceptance.ReservationAcceptanceTest.setUp(ReservationAcceptanceTest.java:49)
	at java.base/java.lang.reflect.Method.invoke(Method.java:580)
	at java.base/java.util.ArrayList.forEach(ArrayList.java:1596)
	at java.base/java.util.ArrayList.forEach(ArrayList.java:1596)

[ERROR] com.project.bookingya.acceptance.ReservationAcceptanceTest.acceptanceTest_ClientCanQueryReservationById -- Time elapsed: 0.014 s <<< ERROR!
java.lang.Error: 
Unresolved compilation problems: 
	The method setFirstName(String) is undefined for the type GuestEntity
	The method setLastName(String) is undefined for the type GuestEntity
	The method setPhoneNumber(String) is undefined for the type GuestEntity
	The method setPricePerNight(double) is undefined for the type RoomEntity

	at com.project.bookingya.acceptance.ReservationAcceptanceTest.setUp(ReservationAcceptanceTest.java:49)
	at java.base/java.lang.reflect.Method.invoke(Method.java:580)
	at java.base/java.util.ArrayList.forEach(ArrayList.java:1596)
	at java.base/java.util.ArrayList.forEach(ArrayList.java:1596)

[ERROR] com.project.bookingya.acceptance.ReservationAcceptanceTest.acceptanceTest_ClientCanCreateReservation -- Time elapsed: 0.009 s <<< ERROR!
java.lang.Error: 
Unresolved compilation problems: 
	The method setFirstName(String) is undefined for the type GuestEntity
	The method setLastName(String) is undefined for the type GuestEntity
	The method setPhoneNumber(String) is undefined for the type GuestEntity
	The method setPricePerNight(double) is undefined for the type RoomEntity

	at com.project.bookingya.acceptance.ReservationAcceptanceTest.setUp(ReservationAcceptanceTest.java:49)
	at java.base/java.lang.reflect.Method.invoke(Method.java:580)
	at java.base/java.util.ArrayList.forEach(ArrayList.java:1596)
	at java.base/java.util.ArrayList.forEach(ArrayList.java:1596)

[ERROR] com.project.bookingya.acceptance.ReservationAcceptanceTest.acceptanceTest_ClientCanViewAllReservations -- Time elapsed: 0.012 s <<< ERROR!
java.lang.Error: 
Unresolved compilation problems: 
	The method setFirstName(String) is undefined for the type GuestEntity
	The method setLastName(String) is undefined for the type GuestEntity
	The method setPhoneNumber(String) is undefined for the type GuestEntity
	The method setPricePerNight(double) is undefined for the type RoomEntity

	at com.project.bookingya.acceptance.ReservationAcceptanceTest.setUp(ReservationAcceptanceTest.java:49)
	at java.base/java.lang.reflect.Method.invoke(Method.java:580)
	at java.base/java.util.ArrayList.forEach(ArrayList.java:1596)
	at java.base/java.util.ArrayList.forEach(ArrayList.java:1596)

[ERROR] com.project.bookingya.acceptance.ReservationAcceptanceTest.acceptanceTest_ClientCannotOverbookRoom -- Time elapsed: 0.016 s <<< ERROR!
java.lang.Error: 
Unresolved compilation problems: 
	The method setFirstName(String) is undefined for the type GuestEntity
	The method setLastName(String) is undefined for the type GuestEntity
	The method setPhoneNumber(String) is undefined for the type GuestEntity
	The method setPricePerNight(double) is undefined for the type RoomEntity

	at com.project.bookingya.acceptance.ReservationAcceptanceTest.setUp(ReservationAcceptanceTest.java:49)
	at java.base/java.lang.reflect.Method.invoke(Method.java:580)
	at java.base/java.util.ArrayList.forEach(ArrayList.java:1596)
	at java.base/java.util.ArrayList.forEach(ArrayList.java:1596)

[ERROR] com.project.bookingya.acceptance.ReservationAcceptanceTest.acceptanceTest_ClientCannotExceedRoomCapacity -- Time elapsed: 0.005 s <<< ERROR!
java.lang.Error: 
Unresolved compilation problems: 
	The method setFirstName(String) is undefined for the type GuestEntity
	The method setLastName(String) is undefined for the type GuestEntity
	The method setPhoneNumber(String) is undefined for the type GuestEntity
	The method setPricePerNight(double) is undefined for the type RoomEntity

	at com.project.bookingya.acceptance.ReservationAcceptanceTest.setUp(ReservationAcceptanceTest.java:49)
	at java.base/java.lang.reflect.Method.invoke(Method.java:580)
	at java.base/java.util.ArrayList.forEach(ArrayList.java:1596)
	at java.base/java.util.ArrayList.forEach(ArrayList.java:1596)

[ERROR] com.project.bookingya.acceptance.ReservationAcceptanceTest.acceptanceTest_ClientCanCancelReservation -- Time elapsed: 0.011 s <<< ERROR!
java.lang.Error: 
Unresolved compilation problems: 
	The method setFirstName(String) is undefined for the type GuestEntity
	The method setLastName(String) is undefined for the type GuestEntity
	The method setPhoneNumber(String) is undefined for the type GuestEntity
	The method setPricePerNight(double) is undefined for the type RoomEntity

	at com.project.bookingya.acceptance.ReservationAcceptanceTest.setUp(ReservationAcceptanceTest.java:49)
	at java.base/java.lang.reflect.Method.invoke(Method.java:580)
	at java.base/java.util.ArrayList.forEach(ArrayList.java:1596)
	at java.base/java.util.ArrayList.forEach(ArrayList.java:1596)

[INFO] Running com.project.bookingya.services.ReservationServiceTest
[ERROR] Tests run: 8, Failures: 0, Errors: 4, Skipped: 0, Time elapsed: 3.383 s <<< FAILURE! -- in com.project.bookingya.services.ReservationServiceTest
[ERROR] com.project.bookingya.services.ReservationServiceTest.testGetReservationsByGuestId -- Time elapsed: 0.173 s <<< ERROR!
org.mockito.exceptions.misusing.PotentialStubbingProblem: 

Strict stubbing argument mismatch. Please check:
 - this invocation of 'map' method:
    mapper.map(
    [ReservationEntity(id=904884e0-9a08-48ad-b6ef-6ca9bd983da6, guestId=4e4982bc-6200-46af-b2ae-f5f96461a184, roomId=null, checkIn=null, checkOut=null, guestsCount=null, notes=null)],
    java.util.List<com.project.bookingya.models.Reservation>
);
    -> at com.project.bookingya.services.ReservationService.getByGuestId(ReservationService.java:65)
 - has following stubbing(s) with different arguments:
    1. mapper.map(null, null);
      -> at com.project.bookingya.services.ReservationServiceTest.testGetReservationsByGuestId(ReservationServiceTest.java:265)
Typically, stubbing argument mismatch indicates user mistake when writing tests.
Mockito fails early so that you can debug potential problem easily.
However, there are legit scenarios when this exception generates false negative signal:
  - stubbing the same method multiple times using 'given().will()' or 'when().then()' API
    Please use 'will().given()' or 'doReturn().when()' API for stubbing.
  - stubbed method is intentionally invoked with different arguments by code under test
    Please use default or 'silent' JUnit Rule (equivalent of Strictness.LENIENT).
For more information see javadoc for PotentialStubbingProblem class.
	at org.modelmapper.ModelMapper.map(ModelMapper.java:509)
	at com.project.bookingya.services.ReservationService.getByGuestId(ReservationService.java:65)
	at com.project.bookingya.services.ReservationServiceTest.testGetReservationsByGuestId(ReservationServiceTest.java:268)
	at java.base/java.lang.reflect.Method.invoke(Method.java:580)
	at java.base/java.util.ArrayList.forEach(ArrayList.java:1596)
	at java.base/java.util.ArrayList.forEach(ArrayList.java:1596)

[ERROR] com.project.bookingya.services.ReservationServiceTest.testUpdateReservationSuccessfully -- Time elapsed: 0.019 s <<< ERROR!
java.lang.Error: 
Unresolved compilation problems: 
	The method thenReturn(Optional<GuestEntity>) in the type OngoingStubbing<Optional<GuestEntity>> is not applicable for the arguments (Optional<Object>)
	The method when(T) in the type Mockito is not applicable for the arguments (void)

	at com.project.bookingya.services.ReservationServiceTest.testUpdateReservationSuccessfully(ReservationServiceTest.java:204)
	at java.base/java.lang.reflect.Method.invoke(Method.java:580)
	at java.base/java.util.ArrayList.forEach(ArrayList.java:1596)
	at java.base/java.util.ArrayList.forEach(ArrayList.java:1596)

[ERROR] com.project.bookingya.services.ReservationServiceTest.testCreateReservationSuccessfully -- Time elapsed: 0.020 s <<< ERROR!
java.lang.Error: 
Unresolved compilation problem: 
	The method thenReturn(Optional<GuestEntity>) in the type OngoingStubbing<Optional<GuestEntity>> is not applicable for the arguments (Optional<Object>)

	at com.project.bookingya.services.ReservationServiceTest.testCreateReservationSuccessfully(ReservationServiceTest.java:93)
	at java.base/java.lang.reflect.Method.invoke(Method.java:580)
	at java.base/java.util.ArrayList.forEach(ArrayList.java:1596)
	at java.base/java.util.ArrayList.forEach(ArrayList.java:1596)

[ERROR] com.project.bookingya.services.ReservationServiceTest.testGetAllReservations -- Time elapsed: 0.021 s <<< ERROR!
org.mockito.exceptions.misusing.PotentialStubbingProblem: 

Strict stubbing argument mismatch. Please check:
 - this invocation of 'map' method:
    mapper.map(
    [ReservationEntity(id=70cec3fd-3ddc-4e63-95b1-f2e0f6ddb874, guestId=null, roomId=null, checkIn=null, checkOut=null, guestsCount=null, notes=null), ReservationEntity(id=79dfddcf-1fb5-4837-bb0f-c882aec07b70, guestId=null, roomId=null, checkIn=null, checkOut=null, guestsCount=null, notes=null)],
    java.util.List<com.project.bookingya.models.Reservation>
);
    -> at com.project.bookingya.services.ReservationService.getAll(ReservationService.java:47)
 - has following stubbing(s) with different arguments:
    1. mapper.map(null, null);
      -> at com.project.bookingya.services.ReservationServiceTest.testGetAllReservations(ReservationServiceTest.java:164)
Typically, stubbing argument mismatch indicates user mistake when writing tests.
Mockito fails early so that you can debug potential problem easily.
However, there are legit scenarios when this exception generates false negative signal:
  - stubbing the same method multiple times using 'given().will()' or 'when().then()' API
    Please use 'will().given()' or 'doReturn().when()' API for stubbing.
  - stubbed method is intentionally invoked with different arguments by code under test
    Please use default or 'silent' JUnit Rule (equivalent of Strictness.LENIENT).
For more information see javadoc for PotentialStubbingProblem class.
	at org.modelmapper.ModelMapper.map(ModelMapper.java:509)
	at com.project.bookingya.services.ReservationService.getAll(ReservationService.java:47)
	at com.project.bookingya.services.ReservationServiceTest.testGetAllReservations(ReservationServiceTest.java:167)
	at java.base/java.lang.reflect.Method.invoke(Method.java:580)
	at java.base/java.util.ArrayList.forEach(ArrayList.java:1596)
	at java.base/java.util.ArrayList.forEach(ArrayList.java:1596)

[INFO] 
[INFO] Results:
[INFO] 
[ERROR] Errors: 
[ERROR]   ReservationAcceptanceTest.setUp:49  Unresolved compilation problems: 
	The method setFirstName(String) is undefined for the type GuestEntity
	The method setLastName(String) is undefined for the type GuestEntity
	The method setPhoneNumber(String) is undefined for the type GuestEntity
	The method setPricePerNight(double) is undefined for the type RoomEntity

[ERROR]   ReservationAcceptanceTest.setUp:49  Unresolved compilation problems: 
	The method setFirstName(String) is undefined for the type GuestEntity
	The method setLastName(String) is undefined for the type GuestEntity
	The method setPhoneNumber(String) is undefined for the type GuestEntity
	The method setPricePerNight(double) is undefined for the type RoomEntity

[ERROR]   ReservationAcceptanceTest.setUp:49  Unresolved compilation problems: 
	The method setFirstName(String) is undefined for the type GuestEntity
	The method setLastName(String) is undefined for the type GuestEntity
	The method setPhoneNumber(String) is undefined for the type GuestEntity
	The method setPricePerNight(double) is undefined for the type RoomEntity

[ERROR]   ReservationAcceptanceTest.setUp:49  Unresolved compilation problems: 
	The method setFirstName(String) is undefined for the type GuestEntity
	The method setLastName(String) is undefined for the type GuestEntity
	The method setPhoneNumber(String) is undefined for the type GuestEntity
	The method setPricePerNight(double) is undefined for the type RoomEntity

[ERROR]   ReservationAcceptanceTest.setUp:49  Unresolved compilation problems: 
	The method setFirstName(String) is undefined for the type GuestEntity
	The method setLastName(String) is undefined for the type GuestEntity
	The method setPhoneNumber(String) is undefined for the type GuestEntity
	The method setPricePerNight(double) is undefined for the type RoomEntity

[ERROR]   ReservationAcceptanceTest.setUp:49  Unresolved compilation problems: 
	The method setFirstName(String) is undefined for the type GuestEntity
	The method setLastName(String) is undefined for the type GuestEntity
	The method setPhoneNumber(String) is undefined for the type GuestEntity
	The method setPricePerNight(double) is undefined for the type RoomEntity

[ERROR]   ReservationAcceptanceTest.setUp:49  Unresolved compilation problems: 
	The method setFirstName(String) is undefined for the type GuestEntity
	The method setLastName(String) is undefined for the type GuestEntity
	The method setPhoneNumber(String) is undefined for the type GuestEntity
	The method setPricePerNight(double) is undefined for the type RoomEntity

[ERROR]   ReservationServiceTest.testCreateReservationSuccessfully:93  Unresolved compilation problem: 
	The method thenReturn(Optional<GuestEntity>) in the type OngoingStubbing<Optional<GuestEntity>> is not applicable for the arguments (Optional<Object>)

[ERROR]   ReservationServiceTest.testGetAllReservations:167 ╗ PotentialStubbingProblem 
Strict stubbing argument mismatch. Please check:
 - this invocation of 'map' method:
    mapper.map(
    [ReservationEntity(id=70cec3fd-3ddc-4e63-95b1-f2e0f6ddb874, guestId=null, roomId=null, checkIn=null, checkOut=null, guestsCount=null, notes=null), ReservationEntity(id=79dfddcf-1fb5-4837-bb0f-c882aec07b70, guestId=null, roomId=null, checkIn=null, checkOut=null, guestsCount=null, notes=null)],
    java.util.List<com.project.bookingya.models.Reservation>
);
    -> at com.project.bookingya.services.ReservationService.getAll(ReservationService.java:47)
 - has following stubbing(s) with different arguments:
    1. mapper.map(null, null);
      -> at com.project.bookingya.services.ReservationServiceTest.testGetAllReservations(ReservationServiceTest.java:164)
Typically, stubbing argument mismatch indicates user mistake when writing tests.
Mockito fails early so that you can debug potential problem easily.
However, there are legit scenarios when this exception generates false negative signal:
  - stubbing the same method multiple times using 'given().will()' or 'when().then()' API
    Please use 'will().given()' or 'doReturn().when()' API for stubbing.
  - stubbed method is intentionally invoked with different arguments by code under test
    Please use default or 'silent' JUnit Rule (equivalent of Strictness.LENIENT).
For more information see javadoc for PotentialStubbingProblem class.
[ERROR]   ReservationServiceTest.testGetReservationsByGuestId:268 ╗ PotentialStubbingProblem 
Strict stubbing argument mismatch. Please check:
 - this invocation of 'map' method:
    mapper.map(
    [ReservationEntity(id=904884e0-9a08-48ad-b6ef-6ca9bd983da6, guestId=4e4982bc-6200-46af-b2ae-f5f96461a184, roomId=null, checkIn=null, checkOut=null, guestsCount=null, notes=null)],
    java.util.List<com.project.bookingya.models.Reservation>
);
    -> at com.project.bookingya.services.ReservationService.getByGuestId(ReservationService.java:65)
 - has following stubbing(s) with different arguments:
    1. mapper.map(null, null);
      -> at com.project.bookingya.services.ReservationServiceTest.testGetReservationsByGuestId(ReservationServiceTest.java:265)
Typically, stubbing argument mismatch indicates user mistake when writing tests.
Mockito fails early so that you can debug potential problem easily.
However, there are legit scenarios when this exception generates false negative signal:
  - stubbing the same method multiple times using 'given().will()' or 'when().then()' API
    Please use 'will().given()' or 'doReturn().when()' API for stubbing.
  - stubbed method is intentionally invoked with different arguments by code under test
    Please use default or 'silent' JUnit Rule (equivalent of Strictness.LENIENT).
For more information see javadoc for PotentialStubbingProblem class.
[ERROR]   ReservationServiceTest.testUpdateReservationSuccessfully:204  Unresolved compilation problems: 
	The method thenReturn(Optional<GuestEntity>) in the type OngoingStubbing<Optional<GuestEntity>> is not applicable for the arguments (Optional<Object>)
	The method when(T) in the type Mockito is not applicable for the arguments (void)

[INFO] 
[ERROR] Tests run: 15, Failures: 0, Errors: 11, Skipped: 0
[INFO] 
[INFO] ------------------------------------------------------------------------
[INFO] BUILD FAILURE
[INFO] ------------------------------------------------------------------------
[INFO] Total time:  34.402 s
[INFO] Finished at: 2026-04-23T16:05:38-05:00
[INFO] ------------------------------------------------------------------------
[ERROR] Failed to execute goal org.apache.maven.plugins:maven-surefire-plugin:3.5.3:test (default-test) on project bookingya: 
[ERROR] 
[ERROR] See C:\bookingya\bookingya_students\target\surefire-reports for the individual test results.
[ERROR] See dump files (if any exist) [date].dump, [date]-jvmRun[N].dump and [date].dumpstream.
[ERROR] -> [Help 1]
[ERROR] 
[ERROR] To see the full stack trace of the errors, re-run Maven with the -e switch.
[ERROR] Re-run Maven using the -X switch to enable full debug logging.
[ERROR] 
[ERROR] For more information about the errors and possible solutions, please read the following articles:
[ERROR] [Help 1] http://cwiki.apache.org/confluence/display/MAVEN/MojoFailureException
